14257
62938
16722
70264
89892
78973
37828
12994
86095
21262
